08:17:49 **** Build of configuration Debug for project te0711_app ****
make all 
Building file: ../src/helloworld.c
Invoking: MicroBlaze gcc compiler
mb-gcc -Wall -O0 -g3 -c -fmessage-length=0 -MT"src/helloworld.o" -I/home/parallels/te0711_prj/vitis_workspace/te0711_pltfrm/export/te0711_pltfrm/sw/te0711_pltfrm/standalone_domain/bspinclude/include -mlittle-endian -mcpu=v11.0 -mxl-soft-mul -Wl,--no-relax -ffunction-sections -fdata-sections -MMD -MP -MF"src/helloworld.d" -MT"src/helloworld.o" -o "src/helloworld.o" "../src/helloworld.c"
Finished building: ../src/helloworld.c
 
Building file: ../src/platform.c
Invoking: MicroBlaze gcc compiler
mb-gcc -Wall -O0 -g3 -c -fmessage-length=0 -MT"src/platform.o" -I/home/parallels/te0711_prj/vitis_workspace/te0711_pltfrm/export/te0711_pltfrm/sw/te0711_pltfrm/standalone_domain/bspinclude/include -mlittle-endian -mcpu=v11.0 -mxl-soft-mul -Wl,--no-relax -ffunction-sections -fdata-sections -MMD -MP -MF"src/platform.d" -MT"src/platform.o" -o "src/platform.o" "../src/platform.c"
Finished building: ../src/platform.c
 
Building target: te0711_app.elf
Invoking: MicroBlaze gcc linker
mb-gcc -Wl,-T -Wl,../src/lscript.ld -L/home/parallels/te0711_prj/vitis_workspace/te0711_pltfrm/export/te0711_pltfrm/sw/te0711_pltfrm/standalone_domain/bsplib/lib -mlittle-endian -mcpu=v11.0 -mxl-soft-mul -Wl,--no-relax -Wl,--gc-sections -o "te0711_app.elf"  ./src/helloworld.o ./src/platform.o   -Wl,--start-group,-lxil,-lgcc,-lc,--end-group -Wl,--start-group,-lxilisf,-lxil,-lgcc,-lc,--end-group
Finished building target: te0711_app.elf
 
Invoking: MicroBlaze Print Size
mb-size te0711_app.elf  |tee "te0711_app.elf.size"
   text	   data	    bss	    dec	    hex	filename
  10140	    704	   2172	  13016	   32d8	te0711_app.elf
Finished building: te0711_app.elf.size
 

08:17:49 Build Finished (took 172ms)

